varsh@VARSHITHA MINGW64 ~/Desktop/deveops
$ mkdir project
mkdir: cannot create directory ‘project’: File exists

varsh@VARSHITHA MINGW64 ~/Desktop/deveops
$ mkdir varshi

varsh@VARSHITHA MINGW64 ~/Desktop/deveops
$ cd varshi

varsh@VARSHITHA MINGW64 ~/Desktop/deveops/varshi
$ nano shobha.html

varsh@VARSHITHA MINGW64 ~/Desktop/deveops/varshi
$



varsh@VARSHITHA MINGW64 ~/Desktop/deveops/varshi
$




varsh@VARSHITHA MINGW64 ~/Desktop/deveops/varshi
$




varsh@VARSHITHA MINGW64 ~/Desktop/deveops/varshi
$



varsh@VARSHITHA MINGW64 ~/Desktop/deveops/varshi
$


varsh@VARSHITHA MINGW64 ~/Desktop/deveops/varshi
$

varsh@VARSHITHA MINGW64 ~/Desktop/deveops/varshi
$

varsh@VARSHITHA MINGW64 ~/Desktop/deveops/varshi
$

varsh@VARSHITHA MINGW64 ~/Desktop/deveops/varshi
$

varsh@VARSHITHA MINGW64 ~/Desktop/deveops/varshi
$

varsh@VARSHITHA MINGW64 ~/Desktop/deveops/varshi
$

varsh@VARSHITHA MINGW64 ~/Desktop/deveops/varshi
$

varsh@VARSHITHA MINGW64 ~/Desktop/deveops/varshi
$

varsh@VARSHITHA MINGW64 ~/Desktop/deveops/varshi
$

varsh@VARSHITHA MINGW64 ~/Desktop/deveops/varshi
$

varsh@VARSHITHA MINGW64 ~/Desktop/deveops/varshi
$

varsh@VARSHITHA MINGW64 ~/Desktop/deveops/varshi
$

varsh@VARSHITHA MINGW64 ~/Desktop/deveops/varshi
$

varsh@VARSHITHA MINGW64 ~/Desktop/deveops/varshi
$

varsh@VARSHITHA MINGW64 ~/Desktop/deveops/varshi
$ cat shobha.html
hello

varsh@VARSHITHA MINGW64 ~/Desktop/deveops/varshi
$ nano shobha.html

varsh@VARSHITHA MINGW64 ~/Desktop/deveops/varshi
$ cat shobha.html
<!DOCTYPE html>
<html lang ="en">
<head>
<meta charset ="UTF-8">
<meta name ="viewport">
content ="width=device-width,initial-scale=1.0">
<tittle>HTML</title>
</head>
<body>
<!--contents of the webpages-->
<p>GeeksforGreeks is a online study platform</p>
</body>
</html>





varsh@VARSHITHA MINGW64 ~/Desktop/deveops/varshi
$ git init
Initialized empty Git repository in C:/Users/varsh/Desktop/deveops/varshi/.git/

varsh@VARSHITHA MINGW64 ~/Desktop/deveops/varshi (master)
$ git push -u origin main
error: src refspec main does not match any
error: failed to push some refs to 'origin'

varsh@VARSHITHA MINGW64 ~/Desktop/deveops/varshi (master)
$ git config --global init.defaultBranch main

varsh@VARSHITHA MINGW64 ~/Desktop/deveops/varshi (master)
$ git init
Reinitialized existing Git repository in C:/Users/varsh/Desktop/deveops/varshi/.git/

varsh@VARSHITHA MINGW64 ~/Desktop/deveops/varshi (master)
$ git status
On branch master

No commits yet

Untracked files:
  (use "git add <file>..." to include in what will be committed)
        shobha.html

nothing added to commit but untracked files present (use "git add" to track)

varsh@VARSHITHA MINGW64 ~/Desktop/deveops/varshi (master)
$ git add shobha.html
warning: in the working copy of 'shobha.html', LF will be replaced by CRLF the next time Git touches it

varsh@VARSHITHA MINGW64 ~/Desktop/deveops/varshi (master)
$ git add index.html
fatal: pathspec 'index.html' did not match any files

varsh@VARSHITHA MINGW64 ~/Desktop/deveops/varshi (master)
$ git add shobha.html

varsh@VARSHITHA MINGW64 ~/Desktop/deveops/varshi (master)
$ git status
On branch master

No commits yet

Changes to be committed:
  (use "git rm --cached <file>..." to unstage)
        new file:   shobha.html


varsh@VARSHITHA MINGW64 ~/Desktop/deveops/varshi (master)
$ git commit -m "Add shobha.html"
[master (root-commit) d86a2e2] Add shobha.html
 1 file changed, 17 insertions(+)
 create mode 100644 shobha.html

varsh@VARSHITHA MINGW64 ~/Desktop/deveops/varshi (master)
$ https://github.com/varshitha451/example.git
bash: https://github.com/varshitha451/example.git: No such file or directory

varsh@VARSHITHA MINGW64 ~/Desktop/deveops/varshi (master)
$ git remote add origin https://github.com/varshitha451/example.git

varsh@VARSHITHA MINGW64 ~/Desktop/deveops/varshi (master)
$ git add
Nothing specified, nothing added.
hint: Maybe you wanted to say 'git add .'?
hint: Disable this message with "git config set advice.addEmptyPathspec false"

varsh@VARSHITHA MINGW64 ~/Desktop/deveops/varshi (master)
$ git add .

varsh@VARSHITHA MINGW64 ~/Desktop/deveops/varshi (master)
$ git commit -a "initial commit"
fatal: paths 'initial commit ...' with -a does not make sense

varsh@VARSHITHA MINGW64 ~/Desktop/deveops/varshi (master)
$ git commit -a "initial commit"
fatal: paths 'initial commit ...' with -a does not make sense

varsh@VARSHITHA MINGW64 ~/Desktop/deveops/varshi (master)
$ giit commit - a "initial commit"
bash: giit: command not found

varsh@VARSHITHA MINGW64 ~/Desktop/deveops/varshi (master)
$ git commit - a "initial commit"
error: pathspec '-' did not match any file(s) known to git
error: pathspec 'a' did not match any file(s) known to git
error: pathspec 'initial commit' did not match any file(s) known to git

varsh@VARSHITHA MINGW64 ~/Desktop/deveops/varshi (master)
$ git commit -a "initial commit"
fatal: paths 'initial commit ...' with -a does not make sense

varsh@VARSHITHA MINGW64 ~/Desktop/deveops/varshi (master)
$ git branch -M main

varsh@VARSHITHA MINGW64 ~/Desktop/deveops/varshi (main)
$ git push -u origin main
To https://github.com/varshitha451/example.git
 ! [rejected]        main -> main (fetch first)
error: failed to push some refs to 'https://github.com/varshitha451/example.git'
hint: Updates were rejected because the remote contains work that you do not
hint: have locally. This is usually caused by another repository pushing to
hint: the same ref. If you want to integrate the remote changes, use
hint: 'git pull' before pushing again.
hint: See the 'Note about fast-forwards' in 'git push --help' for details.

varsh@VARSHITHA MINGW64 ~/Desktop/deveops/varshi (main)
$ git pull origin main --rebase
remote: Enumerating objects: 7, done.
remote: Counting objects: 100% (7/7), done.
remote: Compressing objects: 100% (3/3), done.
remote: Total 7 (delta 0), reused 7 (delta 0), pack-reused 0 (from 0)
Unpacking objects: 100% (7/7), 481 bytes | 12.00 KiB/s, done.
From https://github.com/varshitha451/example
 * branch            main       -> FETCH_HEAD
 * [new branch]      main       -> origin/main
Successfully rebased and updated refs/heads/main.

varsh@VARSHITHA MINGW64 ~/Desktop/deveops/varshi (main)
$ git add .

varsh@VARSHITHA MINGW64 ~/Desktop/deveops/varshi (main)
$ git rebase --continue
fatal: no rebase in progress

varsh@VARSHITHA MINGW64 ~/Desktop/deveops/varshi (main)
$ git push -u origin main
Enumerating objects: 4, done.
Counting objects: 100% (4/4), done.
Delta compression using up to 8 threads
Compressing objects: 100% (3/3), done.
Writing objects: 100% (3/3), 472 bytes | 472.00 KiB/s, done.
Total 3 (delta 1), reused 0 (delta 0), pack-reused 0 (from 0)
remote: Resolving deltas: 100% (1/1), completed with 1 local object.
To https://github.com/varshitha451/example.git
   e3f8792..58092a4  main -> main
branch 'main' set up to track 'origin/main'.

varsh@VARSHITHA MINGW64 ~/Desktop/deveops/varshi (main)
$
